// Jest Snapshot v1, https://goo.gl/fbAQLP

exports[`NavbarComponent snapshot matches snapshot 1`] = `
<DocumentFragment>
  <nav
    class="mt-4 bg max-w-5xl p-4 mx-auto h-10 flex rounded-xl items-center justify-between bg-white/50 text-gray-500"
  >
    <h2>
      DANS Job Portals
    </h2>
    <ul
      class=" flex justify-center items-center gap-4"
    />
  </nav>
</DocumentFragment>
`;
