// Jest Snapshot v1, https://goo.gl/fbAQLP

exports[`CheckboxComponent Snapshot testing 1`] = `
{
  "asFragment": [Function],
  "baseElement": <body>
    <div>
      <div
        class="flex"
      >
        <input
          class="peer hidden"
          id="choose-me"
          type="checkbox"
          value=""
        />
        <label
          class="select-none cursor-pointer rounded-lg border-2 border-gray-200 py-3 px-6 font-bold text-gray-200 transition-colors duration-200 ease-in-out peer-checked:bg-cyan-500 peer-checked:text-white peer-checked:border-none "
          for="choose-me"
        />
      </div>
    </div>
  </body>,
  "container": <div>
    <div
      class="flex"
    >
      <input
        class="peer hidden"
        id="choose-me"
        type="checkbox"
        value=""
      />
      <label
        class="select-none cursor-pointer rounded-lg border-2 border-gray-200 py-3 px-6 font-bold text-gray-200 transition-colors duration-200 ease-in-out peer-checked:bg-cyan-500 peer-checked:text-white peer-checked:border-none "
        for="choose-me"
      />
    </div>
  </div>,
  "debug": [Function],
  "findAllByAltText": [Function],
  "findAllByDisplayValue": [Function],
  "findAllByLabelText": [Function],
  "findAllByPlaceholderText": [Function],
  "findAllByRole": [Function],
  "findAllByTestId": [Function],
  "findAllByText": [Function],
  "findAllByTitle": [Function],
  "findByAltText": [Function],
  "findByDisplayValue": [Function],
  "findByLabelText": [Function],
  "findByPlaceholderText": [Function],
  "findByRole": [Function],
  "findByTestId": [Function],
  "findByText": [Function],
  "findByTitle": [Function],
  "getAllByAltText": [Function],
  "getAllByDisplayValue": [Function],
  "getAllByLabelText": [Function],
  "getAllByPlaceholderText": [Function],
  "getAllByRole": [Function],
  "getAllByTestId": [Function],
  "getAllByText": [Function],
  "getAllByTitle": [Function],
  "getByAltText": [Function],
  "getByDisplayValue": [Function],
  "getByLabelText": [Function],
  "getByPlaceholderText": [Function],
  "getByRole": [Function],
  "getByTestId": [Function],
  "getByText": [Function],
  "getByTitle": [Function],
  "queryAllByAltText": [Function],
  "queryAllByDisplayValue": [Function],
  "queryAllByLabelText": [Function],
  "queryAllByPlaceholderText": [Function],
  "queryAllByRole": [Function],
  "queryAllByTestId": [Function],
  "queryAllByText": [Function],
  "queryAllByTitle": [Function],
  "queryByAltText": [Function],
  "queryByDisplayValue": [Function],
  "queryByLabelText": [Function],
  "queryByPlaceholderText": [Function],
  "queryByRole": [Function],
  "queryByTestId": [Function],
  "queryByText": [Function],
  "queryByTitle": [Function],
  "rerender": [Function],
  "unmount": [Function],
}
`;
